$ bun scripts/run-tests.ts l3
L3: local Worker at http://127.0.0.1:27005, isolated SQLite at /Users/nocoo/workspace/personal/geekhub/.wrangler/tests/l3-V8p2zx

Running 48 tests using 1 worker

  ✓   1 [desktop] › tests/browser/activity.spec.ts:5:1 › empty lists are centered and offer actions for the actual feed state (3.8s)
  ✘   2 [desktop] › tests/browser/activity.spec.ts:53:1 › category controls keep full colors and single-line actions on a narrow settings panel (1.1s)
  ✓   3 [desktop] › tests/browser/activity.spec.ts:83:1 › automatic full translation appears in the activity center without a toast (2.8s)
  ✓   4 [desktop] › tests/browser/activity.spec.ts:139:1 › activity categories, errors and search keep separate task details (1.4s)
  ✓   5 [desktop] › tests/browser/activity.spec.ts:176:1 › notices use a Lucide icon at the bottom right without obstructing reading (2.6s)
  ✓   6 [desktop] › tests/browser/ai.spec.ts:34:1 › AI results persist, cached views avoid requests, and extraction invalidates old results (14.4s)
  ✓   7 [desktop] › tests/browser/ai.spec.ts:118:1 › AI failure stays visible, retries succeed, and pending requests belong to their article (5.0s)
  ✓   8 [desktop] › tests/browser/ai.spec.ts:193:1 › settings use accessible vertical navigation and AI configuration is required outside demo mode (5.7s)
  ✓   9 [desktop] › tests/browser/ai.spec.ts:246:1 › per-feed full translation persists, starts on opening and silently reuses cached text (5.7s)
  ✓  10 [desktop] › tests/browser/diagnostics.spec.ts:4:1 › metadata-only RSS cannot score highly and legacy reports request a body recheck (5.5s)
  ✓  11 [desktop] › tests/browser/reader.spec.ts:12:1 › list header shows scoped totals, unread filters and subscription settings (6.9s)
  ✓  12 [desktop] › tests/browser/reader.spec.ts:65:1 › sidebar menu edits grouped and ungrouped feeds and confirms deletion (11.2s)
  ✓  13 [desktop] › tests/browser/reader.spec.ts:153:1 › reading, persistent states, AI summary, translation and original article (8.4s)
  ✓  14 [desktop] › tests/browser/reader.spec.ts:197:1 › search, navigation and feed/category CRUD (7.6s)
  ✓  15 [desktop] › tests/browser/reader.spec.ts:268:1 › reading preferences, public next-ai settings and logs (3.2s)
  ✓  16 [desktop] › tests/browser/reader.spec.ts:308:1 › accessible reader, responsive layout and discovery (2.4s)
  ✓  17 [desktop] › tests/browser/reader.spec.ts:344:1 › feed/category paths, browser history, search and article positions survive reloads (5.5s)
  ✓  18 [desktop] › tests/browser/reader.spec.ts:411:1 › reload and history restore a later article page and both scroll containers (3.1s)
  ✓  19 [desktop] › tests/browser/reader.spec.ts:465:1 › Markdown reading keeps images, typography and responsive reading space (2.1s)
  ✓  20 [desktop] › tests/browser/reader.spec.ts:542:1 › keyboard navigation, reading actions and editable/modal guards (3.2s)
  ✓  21 [desktop] › tests/browser/reader.spec.ts:636:1 › background updates load automatically while preserving list anchors, prose and selection (3.9s)
  ✓  22 [desktop] › tests/browser/reader.spec.ts:749:1 › subscription and category ordering persists, including moving between groups (5.6s)
  ✓  23 [desktop] › tests/browser/reader.spec.ts:864:1 › diagnostic scoring recommends a verified replacement for an unavailable feed (3.2s)
  ✓  24 [desktop] › tests/browser/reader.spec.ts:914:1 › the feed-title diagnostic verifies a replacement and supports pausing without losing articles (6.3s)
  ✓  25 [mobile] › tests/browser/activity.spec.ts:5:1 › empty lists are centered and offer actions for the actual feed state (3.6s)
  ✓  26 [mobile] › tests/browser/activity.spec.ts:53:1 › category controls keep full colors and single-line actions on a narrow settings panel (1.8s)
  ✓  27 [mobile] › tests/browser/activity.spec.ts:83:1 › automatic full translation appears in the activity center without a toast (4.2s)
  ✓  28 [mobile] › tests/browser/activity.spec.ts:139:1 › activity categories, errors and search keep separate task details (1.9s)
  ✓  29 [mobile] › tests/browser/activity.spec.ts:176:1 › notices use a Lucide icon at the bottom right without obstructing reading (1.7s)
  ✓  30 [mobile] › tests/browser/ai.spec.ts:34:1 › AI results persist, cached views avoid requests, and extraction invalidates old results (5.1s)
  ✓  31 [mobile] › tests/browser/ai.spec.ts:118:1 › AI failure stays visible, retries succeed, and pending requests belong to their article (3.2s)
  ✓  32 [mobile] › tests/browser/ai.spec.ts:193:1 › settings use accessible vertical navigation and AI configuration is required outside demo mode (4.3s)
  ✓  33 [mobile] › tests/browser/ai.spec.ts:246:1 › per-feed full translation persists, starts on opening and silently reuses cached text (4.5s)
  ✓  34 [mobile] › tests/browser/diagnostics.spec.ts:4:1 › metadata-only RSS cannot score highly and legacy reports request a body recheck (3.3s)
  ✓  35 [mobile] › tests/browser/reader.spec.ts:12:1 › list header shows scoped totals, unread filters and subscription settings (2.2s)
  ✓  36 [mobile] › tests/browser/reader.spec.ts:65:1 › sidebar menu edits grouped and ungrouped feeds and confirms deletion (6.9s)
  ✓  37 [mobile] › tests/browser/reader.spec.ts:153:1 › reading, persistent states, AI summary, translation and original article (3.4s)
  ✓  38 [mobile] › tests/browser/reader.spec.ts:197:1 › search, navigation and feed/category CRUD (6.8s)
  ✓  39 [mobile] › tests/browser/reader.spec.ts:268:1 › reading preferences, public next-ai settings and logs (5.4s)
  ✓  40 [mobile] › tests/browser/reader.spec.ts:308:1 › accessible reader, responsive layout and discovery (2.6s)
  ✓  41 [mobile] › tests/browser/reader.spec.ts:344:1 › feed/category paths, browser history, search and article positions survive reloads (5.8s)
  ✓  42 [mobile] › tests/browser/reader.spec.ts:411:1 › reload and history restore a later article page and both scroll containers (3.0s)
  ✓  43 [mobile] › tests/browser/reader.spec.ts:465:1 › Markdown reading keeps images, typography and responsive reading space (2.0s)
  ✓  44 [mobile] › tests/browser/reader.spec.ts:542:1 › keyboard navigation, reading actions and editable/modal guards (2.8s)
  ✓  45 [mobile] › tests/browser/reader.spec.ts:636:1 › background updates load automatically while preserving list anchors, prose and selection (2.2s)
  ✓  46 [mobile] › tests/browser/reader.spec.ts:749:1 › subscription and category ordering persists, including moving between groups (3.8s)
  ✓  47 [mobile] › tests/browser/reader.spec.ts:864:1 › diagnostic scoring recommends a verified replacement for an unavailable feed (3.3s)
  ✓  48 [mobile] › tests/browser/reader.spec.ts:914:1 › the feed-title diagnostic verifies a replacement and supports pausing without losing articles (6.0s)


  1) [desktop] › tests/browser/activity.spec.ts:53:1 › category controls keep full colors and single-line actions on a narrow settings panel 

    Error: expect(received).toBeGreaterThanOrEqual(expected)

    Expected: >= 112
    Received:    106.72000122070312

      71 | 	const color = card.getByRole("combobox");
      72 | 	await expect(color).toHaveValue("#84cc16");
    > 73 | 	expect((await color.boundingBox())?.width).toBeGreaterThanOrEqual(112);
         | 	                                           ^
      74 | 	const save = card.getByRole("button", { name: "保存", exact: true });
      75 | 	expect(await save.evaluate((el) => el.scrollHeight <= el.clientHeight)).toBe(true);
      76 | 	for (const button of await card.locator(".order-controls button").all())
        at /Users/nocoo/workspace/personal/geekhub/tests/browser/activity.spec.ts:73:45

    attachment #1: screenshot (image/png) ──────────────────────────────────────────────────────────
    test-results/l3/browser/activity-category-controls-131c1--on-a-narrow-settings-panel-desktop/test-failed-1.png
    ────────────────────────────────────────────────────────────────────────────────────────────────

    Error Context: test-results/l3/browser/activity-category-controls-131c1--on-a-narrow-settings-panel-desktop/error-context.md

    attachment #3: trace (application/zip) ─────────────────────────────────────────────────────────
    test-results/l3/browser/activity-category-controls-131c1--on-a-narrow-settings-panel-desktop/trace.zip
    Usage:

        npx playwright show-trace test-results/l3/browser/activity-category-controls-131c1--on-a-narrow-settings-panel-desktop/trace.zip

    ────────────────────────────────────────────────────────────────────────────────────────────────

  1 failed
    [desktop] › tests/browser/activity.spec.ts:53:1 › category controls keep full colors and single-line actions on a narrow settings panel 
  47 passed (3.5m)
68 | 	const test = Bun.spawn(
69 | 		tier === "l2" ? ["bun", "tests/http/reader.ts"] : ["bun", "x", "playwright", "test"],
70 | 		{ env, stdout: "inherit", stderr: "inherit" },
71 | 	);
72 | 	const code = await test.exited;
73 | 	if (code) throw new Error(`${tier.toUpperCase()} failed with exit ${code}`);
                          ^
error: L3 failed with exit 1
      at /Users/nocoo/workspace/personal/geekhub/scripts/run-tests.ts:73:22

Bun v1.4.0 (macOS arm64)
error: script "test:l3" exited with code 1
