1440 feeds {
  client: 572,
  scroll: 572,
}
1440 categories {
  client: 572,
  scroll: 572,
}
1440 reading {
  client: 572,
  scroll: 572,
}
1440 ai {
  client: 572,
  scroll: 572,
}
1440 data {
  client: 572,
  scroll: 572,
}
390 feeds {
  client: 258,
  scroll: 258,
}
390 categories {
  client: 258,
  scroll: 258,
}
390 reading {
  client: 258,
  scroll: 258,
}
390 ai {
  client: 258,
  scroll: 258,
}
390 data {
  client: 258,
  scroll: 258,
}
320 feeds {
  client: 188,
  scroll: 188,
}
320 categories {
  client: 188,
  scroll: 188,
}
320 reading {
  client: 188,
  scroll: 188,
}
320 ai {
  client: 188,
  scroll: 188,
}
320 data {
  client: 188,
  scroll: 188,
}
