$ bun scripts/run-tests.ts l3
L3: local Worker at http://127.0.0.1:27005, isolated SQLite at /Users/nocoo/workspace/personal/geekhub/.wrangler/tests/l3-Z3GmfI

Running 38 tests using 1 worker

  ✓   1 [desktop] › tests/browser/ai.spec.ts:34:1 › AI results persist, cached views avoid requests, and extraction invalidates old results (5.0s)
  ✓   2 [desktop] › tests/browser/ai.spec.ts:118:1 › AI failure stays visible, retries succeed, and pending requests belong to their article (3.4s)
  ✓   3 [desktop] › tests/browser/ai.spec.ts:193:1 › settings use accessible vertical navigation and AI configuration is required outside demo mode (3.7s)
  ✓   4 [desktop] › tests/browser/ai.spec.ts:246:1 › per-feed full translation persists, starts on opening and silently reuses cached text (4.8s)
  ✓   5 [desktop] › tests/browser/diagnostics.spec.ts:4:1 › metadata-only RSS cannot score highly and legacy reports request a body recheck (2.9s)
  ✓   6 [desktop] › tests/browser/reader.spec.ts:12:1 › list header shows scoped totals, unread filters and subscription settings (2.3s)
  ✓   7 [desktop] › tests/browser/reader.spec.ts:65:1 › sidebar menu edits grouped and ungrouped feeds and confirms deletion (3.2s)
  ✓   8 [desktop] › tests/browser/reader.spec.ts:153:1 › reading, persistent states, AI summary, translation and original article (3.5s)
  ✓   9 [desktop] › tests/browser/reader.spec.ts:197:1 › search, navigation and feed/category CRUD (6.3s)
  ✓  10 [desktop] › tests/browser/reader.spec.ts:268:1 › reading preferences, public next-ai settings and logs (2.3s)
  ✓  11 [desktop] › tests/browser/reader.spec.ts:308:1 › accessible reader, responsive layout and discovery (1.8s)
  ✓  12 [desktop] › tests/browser/reader.spec.ts:344:1 › feed/category paths, browser history, search and article positions survive reloads (4.7s)
  ✓  13 [desktop] › tests/browser/reader.spec.ts:411:1 › reload and history restore a later article page and both scroll containers (2.3s)
  ✓  14 [desktop] › tests/browser/reader.spec.ts:465:1 › Markdown reading keeps images, typography and responsive reading space (1.3s)
  ✓  15 [desktop] › tests/browser/reader.spec.ts:542:1 › keyboard navigation, reading actions and editable/modal guards (2.2s)
  ✓  16 [desktop] › tests/browser/reader.spec.ts:636:1 › background updates load automatically while preserving list anchors, prose and selection (2.2s)
  ✓  17 [desktop] › tests/browser/reader.spec.ts:749:1 › subscription and category ordering persists, including moving between groups (3.5s)
  ✓  18 [desktop] › tests/browser/reader.spec.ts:864:1 › diagnostic scoring recommends a verified replacement for an unavailable feed (2.5s)
  ✓  19 [desktop] › tests/browser/reader.spec.ts:914:1 › the feed-title diagnostic verifies a replacement and supports pausing without losing articles (4.7s)
  ✓  20 [mobile] › tests/browser/ai.spec.ts:34:1 › AI results persist, cached views avoid requests, and extraction invalidates old results (4.6s)
  ✓  21 [mobile] › tests/browser/ai.spec.ts:118:1 › AI failure stays visible, retries succeed, and pending requests belong to their article (3.3s)
  ✓  22 [mobile] › tests/browser/ai.spec.ts:193:1 › settings use accessible vertical navigation and AI configuration is required outside demo mode (4.2s)
  ✓  23 [mobile] › tests/browser/ai.spec.ts:246:1 › per-feed full translation persists, starts on opening and silently reuses cached text (5.0s)
  ✓  24 [mobile] › tests/browser/diagnostics.spec.ts:4:1 › metadata-only RSS cannot score highly and legacy reports request a body recheck (3.2s)
  ✓  25 [mobile] › tests/browser/reader.spec.ts:12:1 › list header shows scoped totals, unread filters and subscription settings (2.3s)
  ✓  26 [mobile] › tests/browser/reader.spec.ts:65:1 › sidebar menu edits grouped and ungrouped feeds and confirms deletion (6.7s)
  ✓  27 [mobile] › tests/browser/reader.spec.ts:153:1 › reading, persistent states, AI summary, translation and original article (3.2s)
  ✓  28 [mobile] › tests/browser/reader.spec.ts:197:1 › search, navigation and feed/category CRUD (6.2s)
  ✓  29 [mobile] › tests/browser/reader.spec.ts:268:1 › reading preferences, public next-ai settings and logs (2.9s)
  ✓  30 [mobile] › tests/browser/reader.spec.ts:308:1 › accessible reader, responsive layout and discovery (2.1s)
  ✓  31 [mobile] › tests/browser/reader.spec.ts:344:1 › feed/category paths, browser history, search and article positions survive reloads (5.5s)
  ✓  32 [mobile] › tests/browser/reader.spec.ts:411:1 › reload and history restore a later article page and both scroll containers (2.7s)
  ✓  33 [mobile] › tests/browser/reader.spec.ts:465:1 › Markdown reading keeps images, typography and responsive reading space (1.7s)
  ✓  34 [mobile] › tests/browser/reader.spec.ts:542:1 › keyboard navigation, reading actions and editable/modal guards (2.7s)
  ✓  35 [mobile] › tests/browser/reader.spec.ts:636:1 › background updates load automatically while preserving list anchors, prose and selection (2.3s)
  ✓  36 [mobile] › tests/browser/reader.spec.ts:749:1 › subscription and category ordering persists, including moving between groups (3.6s)
  ✓  37 [mobile] › tests/browser/reader.spec.ts:864:1 › diagnostic scoring recommends a verified replacement for an unavailable feed (2.6s)
  ✓  38 [mobile] › tests/browser/reader.spec.ts:914:1 › the feed-title diagnostic verifies a replacement and supports pausing without losing articles (5.3s)

  38 passed (2.2m)
