$ vite build
vite v8.2.2 building worker environment for production...
transforming...
✓ 394 modules transformed.
rendering chunks...
computing gzip size...
dist/worker/.vite/manifest.json      0.15 kB │ gzip:   0.11 kB
dist/worker/wrangler.json            2.12 kB │ gzip:   1.09 kB
dist/worker/index.js             2,297.20 kB │ gzip: 534.09 kB │ map: 5,251.31 kB

✓ built in 283ms
vite v8.2.2 building client environment for production...
transforming...
✓ 2401 modules transformed.
rendering chunks...
computing gzip size...
dist/client/.assetsignore                       0.02 kB
dist/client/index.html                          0.77 kB │ gzip:   0.47 kB
dist/client/assets/index-AK2vbFoJ.css         110.48 kB │ gzip:  19.87 kB
dist/client/assets/ReaderContent-D8NFTwXr.js  256.24 kB │ gzip:  76.23 kB │ map: 1,470.96 kB
dist/client/assets/index-BiMGOFM0.js          547.35 kB │ gzip: 169.99 kB │ map: 2,163.68 kB

[plugin builtin:vite-reporter] 
(!) Some chunks are larger than 500 kB after minification. Consider:
- Using dynamic import() to code-split the application
- Use build.rolldownOptions.output.codeSplitting to improve chunking: https://rolldown.rs/reference/OutputOptions.codeSplitting
- Adjust chunk size limit for this warning via build.chunkSizeWarningLimit.
✓ built in 940ms
