$ bun run typecheck && bun run lint && bun run test:coverage && bun run build && bun run test:l2 && bun run test:l3 && bun run gate:security
$ bun run cf-typegen && tsc --noEmit -p tsconfig.web.json && tsc --noEmit -p tsconfig.worker.json && tsc --noEmit -p tsconfig.tools.json && tsc --noEmit -p tsconfig.test.json
$ wrangler types --env local --include-runtime=false --strict-vars=false

 ⛅️ wrangler 4.131.1
────────────────────
Generating project types...

interface __BaseEnv_Env {
	DB: D1Database;
	FEED_QUEUE: Queue;
	ENVIRONMENT: string;
	RESOURCE_ENV: string;
	LOCAL_USER_EMAIL: string;
	CF_ACCESS_TEAM_DOMAIN: string;
	CF_ACCESS_AUD: string;
	AI_ENCRYPTION_KEY: string;
}
declare namespace Cloudflare {
	interface GlobalProps {
		mainModule: typeof import("./src/worker/index");
	}
	interface Env extends __BaseEnv_Env {}
}
interface Env extends __BaseEnv_Env {}
type StringifyValues<EnvType extends Record<string, unknown>> = {
	[Binding in keyof EnvType]: EnvType[Binding] extends string ? EnvType[Binding] : string;
};
declare namespace NodeJS {
	interface ProcessEnv extends StringifyValues<Pick<Cloudflare.Env, "ENVIRONMENT" | "RESOURCE_ENV" | "LOCAL_USER_EMAIL" | "CF_ACCESS_TEAM_DOMAIN" | "CF_ACCESS_AUD" | "AI_ENCRYPTION_KEY">> {}
}


✨ Types written to worker-configuration.d.ts

📣 Remember to rerun 'wrangler types' after you change your wrangler.jsonc file.

$ biome check --error-on-warnings .
Checked 57 files in 19ms. No fixes applied.
$ vitest run --coverage

 RUN  v5.0.0 /Users/nocoo/workspace/personal/geekhub
      Coverage enabled with v8


 Test Files  9 passed (9)
      Tests  71 passed (71)
   Start at  06:44:24
   Duration  399ms (import 41%, transform 21%, tests 18%, environment 15%, worker 5%)

 % Coverage report from v8
-------------------|---------|----------|---------|---------|-------------------
File               | % Stmts | % Branch | % Funcs | % Lines | Uncovered Line #s
-------------------|---------|----------|---------|---------|-------------------
All files          |    99.7 |    97.57 |     100 |     100 |
 shared            |     100 |    96.22 |     100 |     100 |
  import.ts        |     100 |    94.11 |     100 |     100 | 57,82
 worker            |   99.52 |    96.26 |     100 |     100 |
  ai.ts            |     100 |     97.1 |     100 |     100 | 26,123
  auth.ts          |     100 |    95.74 |     100 |     100 | 52,80
  data.ts          |   94.44 |    91.66 |     100 |     100 | 58
  feeds.ts         |     100 |       95 |     100 |     100 | 76
  index.ts         |   99.56 |    97.75 |     100 |     100 | 172,274
  local.ts         |     100 |       75 |     100 |     100 | 86
-------------------|---------|----------|---------|---------|-------------------

=============================== Coverage summary ===============================
Statements   : 99.7% ( 682/684 )
Branches     : 97.57% ( 443/454 )
Functions    : 100% ( 133/133 )
Lines        : 100% ( 615/615 )
================================================================================
$ vite build
vite v8.2.2 building worker environment for production...
transforming...
✓ 392 modules transformed.
rendering chunks...
computing gzip size...
dist/worker/.vite/manifest.json      0.15 kB │ gzip:   0.11 kB
dist/worker/wrangler.json            2.03 kB │ gzip:   1.04 kB
dist/worker/index.js             2,282.08 kB │ gzip: 529.75 kB │ map: 5,219.94 kB

✓ built in 130ms
vite v8.2.2 building client environment for production...
transforming...
✓ 2040 modules transformed.
rendering chunks...
computing gzip size...
dist/client/.assetsignore                0.02 kB
dist/client/index.html                   0.71 kB │ gzip:   0.46 kB
dist/client/assets/index-CRKoKb9k.css  121.10 kB │ gzip:  21.14 kB
dist/client/assets/index-BGpyovG7.js   461.66 kB │ gzip: 144.00 kB │ map: 1,900.57 kB

✓ built in 160ms
$ bun scripts/run-tests.ts l2
L2: local Worker at http://127.0.0.1:17005, isolated SQLite at /Users/nocoo/workspace/personal/geekhub/.wrangler/tests/l2-O2Wzgt
L2 passed: 64 real HTTP checks, 29/29 API endpoints, queue, pagination, missing records, AI and cleanup.
$ bun scripts/run-tests.ts l3
L3: local Worker at http://127.0.0.1:27005, isolated SQLite at /Users/nocoo/workspace/personal/geekhub/.wrangler/tests/l3-6oHylY

Running 8 tests using 1 worker

  ✓  1 [desktop] › tests/browser/reader.spec.ts:5:1 › reading, persistent states, AI summary, translation and original article (1.4s)
  ✓  2 [desktop] › tests/browser/reader.spec.ts:45:1 › search, navigation and feed/category CRUD (3.2s)
  ✓  3 [desktop] › tests/browser/reader.spec.ts:88:1 › reading preferences, public next-ai settings and logs (1.6s)
  ✓  4 [desktop] › tests/browser/reader.spec.ts:126:1 › accessible reader, responsive layout and discovery (973ms)
  ✓  5 [mobile] › tests/browser/reader.spec.ts:5:1 › reading, persistent states, AI summary, translation and original article (1.3s)
  ✓  6 [mobile] › tests/browser/reader.spec.ts:45:1 › search, navigation and feed/category CRUD (3.4s)
  ✓  7 [mobile] › tests/browser/reader.spec.ts:88:1 › reading preferences, public next-ai settings and logs (1.9s)
  ✓  8 [mobile] › tests/browser/reader.spec.ts:126:1 › accessible reader, responsive layout and discovery (1.2s)

  8 passed (15.6s)
$ bun scripts/security.ts
Starting filesystem walk for root: /
Scanned /Users/nocoo/workspace/personal/geekhub/bun.lock file and found 453 packages
End status: 0 dirs visited, 1 inodes visited, 1 Extract calls, 11.051125ms elapsed, 11.051ms wall time
6:45AM INF scanned ~1571212 bytes (1.57 MB) in 125ms
6:45AM INF no leaks found
G2 passed: gitleaks working-tree scan and OSV lockfile scan.
