$ bun scripts/run-tests.ts l3
L3: local Worker at http://127.0.0.1:27005, isolated SQLite at /Users/nocoo/workspace/personal/geekhub/.wrangler/tests/l3-mFu7qx

Running 56 tests using 1 worker

  ✓   1 [desktop] › tests/browser/activity.spec.ts:5:1 › empty lists are centered and offer actions for the actual feed state (2.0s)
  ✓   2 [desktop] › tests/browser/activity.spec.ts:53:1 › category controls keep full colors and single-line actions on a narrow settings panel (771ms)
  ✓   3 [desktop] › tests/browser/activity.spec.ts:85:1 › automatic full translation appears in the activity center without a toast (2.5s)
  ✓   4 [desktop] › tests/browser/activity.spec.ts:143:1 › activity categories, errors and search keep separate task details (1.0s)
  ✓   5 [desktop] › tests/browser/activity.spec.ts:181:1 › notices use a Lucide icon at the bottom right without obstructing reading (1.1s)
  ✓   6 [desktop] › tests/browser/activity.spec.ts:199:1 › settings use Basalt controls, aligned actions and bright input surfaces in both themes (1.9s)
  ✓   7 [desktop] › tests/browser/ai.spec.ts:34:1 › AI results persist, cached views avoid requests, and extraction invalidates old results (5.2s)
  ✓   8 [desktop] › tests/browser/ai.spec.ts:118:1 › AI failure stays visible, retries succeed, and pending requests belong to their article (3.1s)
  ✓   9 [desktop] › tests/browser/ai.spec.ts:193:1 › settings use accessible vertical navigation and AI configuration is required outside demo mode (3.9s)
  ✓  10 [desktop] › tests/browser/ai.spec.ts:246:1 › per-feed full translation persists, starts on opening and silently reuses cached text (3.9s)
  ✓  11 [desktop] › tests/browser/ai.spec.ts:293:1 › feed switches align descriptions and automatically fetch before translating with cached reuse (5.1s)
  ✓  12 [desktop] › tests/browser/ai.spec.ts:370:1 › AI Basalt selectors support preset and custom models and persist SDK selection (2.6s)
  ✓  13 [desktop] › tests/browser/diagnostics.spec.ts:4:1 › metadata-only RSS cannot score highly and legacy reports request a body recheck (3.1s)
  ✓  14 [desktop] › tests/browser/reader.spec.ts:12:1 › list header shows scoped totals, unread filters and subscription settings (2.3s)
  ✓  15 [desktop] › tests/browser/reader.spec.ts:65:1 › sidebar menu edits grouped and ungrouped feeds and confirms deletion (3.9s)
  ✓  16 [desktop] › tests/browser/reader.spec.ts:154:1 › reading, persistent states, AI summary, translation and original article (3.5s)
  ✓  17 [desktop] › tests/browser/reader.spec.ts:198:1 › search, navigation and feed/category CRUD (6.5s)
  ✓  18 [desktop] › tests/browser/reader.spec.ts:270:1 › reading preferences, public next-ai settings and logs (2.0s)
  ✓  19 [desktop] › tests/browser/reader.spec.ts:312:1 › accessible reader, responsive layout and discovery (2.1s)
  ✓  20 [desktop] › tests/browser/reader.spec.ts:348:1 › feed/category paths, browser history, search and article positions survive reloads (5.3s)
  ✓  21 [desktop] › tests/browser/reader.spec.ts:415:1 › reload and history restore a later article page and both scroll containers (2.8s)
  ✓  22 [desktop] › tests/browser/reader.spec.ts:469:1 › Markdown reading keeps images, typography and responsive reading space (1.8s)
  ✓  23 [desktop] › tests/browser/reader.spec.ts:546:1 › keyboard navigation, reading actions and editable/modal guards (2.6s)
  ✓  24 [desktop] › tests/browser/reader.spec.ts:640:1 › J/K smoothly positions selection at the golden ratio and respects motion preferences (3.4s)
  ✓  25 [desktop] › tests/browser/reader.spec.ts:741:1 › background updates load automatically while preserving list anchors, prose and selection (2.2s)
  ✓  26 [desktop] › tests/browser/reader.spec.ts:854:1 › subscription and category ordering persists, including moving between groups (3.5s)
  ✓  27 [desktop] › tests/browser/reader.spec.ts:970:1 › diagnostic scoring recommends a verified replacement for an unavailable feed (2.4s)
  ✓  28 [desktop] › tests/browser/reader.spec.ts:1020:1 › the feed-title diagnostic verifies a replacement and supports pausing without losing articles (4.4s)
  ✓  29 [mobile] › tests/browser/activity.spec.ts:5:1 › empty lists are centered and offer actions for the actual feed state (1.9s)
  ✓  30 [mobile] › tests/browser/activity.spec.ts:53:1 › category controls keep full colors and single-line actions on a narrow settings panel (913ms)
  ✓  31 [mobile] › tests/browser/activity.spec.ts:85:1 › automatic full translation appears in the activity center without a toast (2.9s)
  ✓  32 [mobile] › tests/browser/activity.spec.ts:143:1 › activity categories, errors and search keep separate task details (1.1s)
  ✓  33 [mobile] › tests/browser/activity.spec.ts:181:1 › notices use a Lucide icon at the bottom right without obstructing reading (1.5s)
  ✓  34 [mobile] › tests/browser/activity.spec.ts:199:1 › settings use Basalt controls, aligned actions and bright input surfaces in both themes (2.1s)
  ✓  35 [mobile] › tests/browser/ai.spec.ts:34:1 › AI results persist, cached views avoid requests, and extraction invalidates old results (5.5s)
  ✓  36 [mobile] › tests/browser/ai.spec.ts:118:1 › AI failure stays visible, retries succeed, and pending requests belong to their article (2.9s)
  ✓  37 [mobile] › tests/browser/ai.spec.ts:193:1 › settings use accessible vertical navigation and AI configuration is required outside demo mode (4.0s)
  ✓  38 [mobile] › tests/browser/ai.spec.ts:246:1 › per-feed full translation persists, starts on opening and silently reuses cached text (4.7s)
  ✓  39 [mobile] › tests/browser/ai.spec.ts:293:1 › feed switches align descriptions and automatically fetch before translating with cached reuse (5.7s)
  ✓  40 [mobile] › tests/browser/ai.spec.ts:370:1 › AI Basalt selectors support preset and custom models and persist SDK selection (2.9s)
  ✓  41 [mobile] › tests/browser/diagnostics.spec.ts:4:1 › metadata-only RSS cannot score highly and legacy reports request a body recheck (3.1s)
  ✓  42 [mobile] › tests/browser/reader.spec.ts:12:1 › list header shows scoped totals, unread filters and subscription settings (2.3s)
  ✓  43 [mobile] › tests/browser/reader.spec.ts:65:1 › sidebar menu edits grouped and ungrouped feeds and confirms deletion (7.0s)
  ✓  44 [mobile] › tests/browser/reader.spec.ts:154:1 › reading, persistent states, AI summary, translation and original article (3.6s)
  ✓  45 [mobile] › tests/browser/reader.spec.ts:198:1 › search, navigation and feed/category CRUD (6.1s)
  ✓  46 [mobile] › tests/browser/reader.spec.ts:270:1 › reading preferences, public next-ai settings and logs (2.7s)
  ✓  47 [mobile] › tests/browser/reader.spec.ts:312:1 › accessible reader, responsive layout and discovery (1.7s)
  ✓  48 [mobile] › tests/browser/reader.spec.ts:348:1 › feed/category paths, browser history, search and article positions survive reloads (5.6s)
  ✓  49 [mobile] › tests/browser/reader.spec.ts:415:1 › reload and history restore a later article page and both scroll containers (2.9s)
  ✓  50 [mobile] › tests/browser/reader.spec.ts:469:1 › Markdown reading keeps images, typography and responsive reading space (1.7s)
  ✓  51 [mobile] › tests/browser/reader.spec.ts:546:1 › keyboard navigation, reading actions and editable/modal guards (3.2s)
  ✓  52 [mobile] › tests/browser/reader.spec.ts:640:1 › J/K smoothly positions selection at the golden ratio and respects motion preferences (1.5s)
  ✓  53 [mobile] › tests/browser/reader.spec.ts:741:1 › background updates load automatically while preserving list anchors, prose and selection (4.0s)
  ✓  54 [mobile] › tests/browser/reader.spec.ts:854:1 › subscription and category ordering persists, including moving between groups (4.2s)
  ✓  55 [mobile] › tests/browser/reader.spec.ts:970:1 › diagnostic scoring recommends a verified replacement for an unavailable feed (2.6s)
  ✓  56 [mobile] › tests/browser/reader.spec.ts:1020:1 › the feed-title diagnostic verifies a replacement and supports pausing without losing articles (5.2s)

  56 passed (3.0m)
