$ bun run cf-typegen && tsc --noEmit -p tsconfig.web.json && tsc --noEmit -p tsconfig.worker.json && tsc --noEmit -p tsconfig.tools.json && tsc --noEmit -p tsconfig.test.json
$ wrangler types --env local --include-runtime=false --strict-vars=false

 ⛅️ wrangler 4.131.1 (update available 4.135.0)
───────────────────────────────────────────────
Generating project types...

interface __BaseEnv_Env {
	DB: D1Database;
	FEED_QUEUE: Queue;
	ENVIRONMENT: string;
	RESOURCE_ENV: string;
	LOCAL_USER_EMAIL: string;
	CF_ACCESS_TEAM_DOMAIN: string;
	CF_ACCESS_AUD: string;
	AI_ENCRYPTION_KEY: string;
	FEED_LOGS: DurableObjectNamespace<import("./src/worker/index").FeedLogCache>;
}
declare namespace Cloudflare {
	interface GlobalProps {
		mainModule: typeof import("./src/worker/index");
		durableNamespaces: "FeedLogCache";
	}
	interface Env extends __BaseEnv_Env {}
}
interface Env extends __BaseEnv_Env {}
type StringifyValues<EnvType extends Record<string, unknown>> = {
	[Binding in keyof EnvType]: EnvType[Binding] extends string ? EnvType[Binding] : string;
};
declare namespace NodeJS {
	interface ProcessEnv extends StringifyValues<Pick<Cloudflare.Env, "ENVIRONMENT" | "RESOURCE_ENV" | "LOCAL_USER_EMAIL" | "CF_ACCESS_TEAM_DOMAIN" | "CF_ACCESS_AUD" | "AI_ENCRYPTION_KEY">> {}
}


✨ Types written to worker-configuration.d.ts

📣 Remember to rerun 'wrangler types' after you change your wrangler.jsonc file.

