$ bun run typecheck && bun run lint && bun run test:coverage && bun run build && bun run test:l2 && bun run test:l3 && bun run gate:security
$ bun run cf-typegen && tsc --noEmit -p tsconfig.web.json && tsc --noEmit -p tsconfig.worker.json && tsc --noEmit -p tsconfig.tools.json && tsc --noEmit -p tsconfig.test.json
$ wrangler types --env local --include-runtime=false --strict-vars=false

 ⛅️ wrangler 4.131.1 (update available 4.135.0)
───────────────────────────────────────────────
Generating project types...

interface __BaseEnv_Env {
	DB: D1Database;
	FEED_QUEUE: Queue;
	ENVIRONMENT: string;
	RESOURCE_ENV: string;
	LOCAL_USER_EMAIL: string;
	CF_ACCESS_TEAM_DOMAIN: string;
	CF_ACCESS_AUD: string;
	AI_ENCRYPTION_KEY: string;
	FEED_LOGS: DurableObjectNamespace<import("./src/worker/index").FeedLogCache>;
}
declare namespace Cloudflare {
	interface GlobalProps {
		mainModule: typeof import("./src/worker/index");
		durableNamespaces: "FeedLogCache";
	}
	interface Env extends __BaseEnv_Env {}
}
interface Env extends __BaseEnv_Env {}
type StringifyValues<EnvType extends Record<string, unknown>> = {
	[Binding in keyof EnvType]: EnvType[Binding] extends string ? EnvType[Binding] : string;
};
declare namespace NodeJS {
	interface ProcessEnv extends StringifyValues<Pick<Cloudflare.Env, "ENVIRONMENT" | "RESOURCE_ENV" | "LOCAL_USER_EMAIL" | "CF_ACCESS_TEAM_DOMAIN" | "CF_ACCESS_AUD" | "AI_ENCRYPTION_KEY">> {}
}


✨ Types written to worker-configuration.d.ts

📣 Remember to rerun 'wrangler types' after you change your wrangler.jsonc file.

$ biome check --error-on-warnings .
Checked 120 files in 33ms. No fixes applied.
$ vitest run --coverage

 RUN  v5.0.1 /Users/nocoo/workspace/personal/geekhub
      Coverage enabled with v8


 Test Files  17 passed (17)
      Tests  179 passed (179)
   Start at  17:13:45
   Duration  2.83s (tests 50%, import 21%, environment 16%, transform 11%, worker 2%)

 % Coverage report from v8
-------------------|---------|----------|---------|---------|-------------------
File               | % Stmts | % Branch | % Funcs | % Lines | Uncovered Line #s 
-------------------|---------|----------|---------|---------|-------------------
All files          |   99.78 |     97.8 |     100 |   99.91 |                   
 shared            |     100 |    96.22 |     100 |     100 |                   
  import.ts        |     100 |    94.11 |     100 |     100 | 57,82             
 web/lib           |     100 |     98.3 |     100 |     100 |                   
  ...stic-score.ts |     100 |    98.01 |     100 |     100 | 72,110,159        
  ...view-model.ts |     100 |    96.87 |     100 |     100 | 86                
  ...r-position.ts |     100 |       95 |     100 |     100 | 32                
  ...view-model.ts |     100 |    97.41 |     100 |     100 | 134,360,390-401   
 worker            |   99.51 |    96.69 |     100 |   99.82 |                   
  ai.ts            |     100 |       99 |     100 |     100 | 25                
  auth.ts          |     100 |    95.74 |     100 |     100 | 52,80             
  data.ts          |   96.29 |    95.45 |     100 |     100 | 85                
  diagnostics.ts   |     100 |    97.46 |     100 |     100 | 186,243           
  feeds.ts         |     100 |    86.66 |     100 |     100 | 96,140            
  index.ts         |   99.61 |    98.49 |     100 |     100 | 271,373           
  local.ts         |      95 |    83.33 |     100 |   93.75 | 103               
-------------------|---------|----------|---------|---------|-------------------

=============================== Coverage summary ===============================
Statements   : 99.78% ( 1369/1372 )
Branches     : 97.8% ( 1114/1139 )
Functions    : 100% ( 297/297 )
Lines        : 99.91% ( 1217/1218 )
================================================================================
$ vite build
vite v8.2.2 building worker environment for production...
transforming...
✓ 391 modules transformed.
rendering chunks...
computing gzip size...
dist/worker/.vite/manifest.json      0.15 kB │ gzip:   0.11 kB
dist/worker/wrangler.json            2.12 kB │ gzip:   1.09 kB
dist/worker/index.js             2,302.69 kB │ gzip: 535.28 kB │ map: 5,260.51 kB

✓ built in 124ms
vite v8.2.2 building client environment for production...
transforming...
✓ 2401 modules transformed.
rendering chunks...
computing gzip size...
dist/client/.assetsignore                       0.02 kB
dist/client/index.html                          0.77 kB │ gzip:   0.47 kB
dist/client/assets/index-lL1vtiLp.css         112.91 kB │ gzip:  20.32 kB
dist/client/assets/ReaderContent-DXaFwP2i.js  256.24 kB │ gzip:  76.23 kB │ map: 1,470.96 kB
dist/client/assets/index-QwIS3cj2.js          552.99 kB │ gzip: 171.67 kB │ map: 2,179.07 kB

✓ built in 374ms
[plugin builtin:vite-reporter] 
(!) Some chunks are larger than 500 kB after minification. Consider:
- Using dynamic import() to code-split the application
- Use build.rolldownOptions.output.codeSplitting to improve chunking: https://rolldown.rs/reference/OutputOptions.codeSplitting
- Adjust chunk size limit for this warning via build.chunkSizeWarningLimit.
$ bun scripts/run-tests.ts l2
L2: local Worker at http://127.0.0.1:17005, isolated SQLite at /Users/nocoo/workspace/personal/geekhub/.wrangler/tests/l2-lkjtq4
L2 passed: 106 real HTTP checks, 33/33 API endpoints, queue, pagination, missing records, AI and cleanup.
$ bun scripts/run-tests.ts l3
L3: local Worker at http://127.0.0.1:27005, isolated SQLite at /Users/nocoo/workspace/personal/geekhub/.wrangler/tests/l3-4f0nm1

Running 36 tests using 1 worker

  ✓   1 [desktop] › tests/browser/ai.spec.ts:34:1 › AI results persist, cached views avoid requests, and extraction invalidates old results (5.0s)
  ✓   2 [desktop] › tests/browser/ai.spec.ts:118:1 › AI failure stays visible, retries succeed, and pending requests belong to their article (3.2s)
  ✓   3 [desktop] › tests/browser/ai.spec.ts:193:1 › settings use accessible vertical navigation and AI configuration is required outside demo mode (3.6s)
  ✓   4 [desktop] › tests/browser/diagnostics.spec.ts:4:1 › metadata-only RSS cannot score highly and legacy reports request a body recheck (2.9s)
  ✓   5 [desktop] › tests/browser/reader.spec.ts:12:1 › list header shows scoped totals, unread filters and subscription settings (2.3s)
  ✓   6 [desktop] › tests/browser/reader.spec.ts:65:1 › sidebar menu edits grouped and ungrouped feeds and confirms deletion (3.2s)
  ✓   7 [desktop] › tests/browser/reader.spec.ts:153:1 › reading, persistent states, AI summary, translation and original article (3.8s)
  ✓   8 [desktop] › tests/browser/reader.spec.ts:197:1 › search, navigation and feed/category CRUD (5.4s)
  ✓   9 [desktop] › tests/browser/reader.spec.ts:268:1 › reading preferences, public next-ai settings and logs (1.9s)
  ✓  10 [desktop] › tests/browser/reader.spec.ts:308:1 › accessible reader, responsive layout and discovery (2.0s)
  ✓  11 [desktop] › tests/browser/reader.spec.ts:344:1 › feed/category paths, browser history, search and article positions survive reloads (4.5s)
  ✓  12 [desktop] › tests/browser/reader.spec.ts:411:1 › reload and history restore a later article page and both scroll containers (2.7s)
  ✓  13 [desktop] › tests/browser/reader.spec.ts:465:1 › Markdown reading keeps images, typography and responsive reading space (1.3s)
  ✓  14 [desktop] › tests/browser/reader.spec.ts:542:1 › keyboard navigation, reading actions and editable/modal guards (3.1s)
  ✓  15 [desktop] › tests/browser/reader.spec.ts:636:1 › background updates preserve unread rows, scroll and prose until accepted (2.4s)
  ✓  16 [desktop] › tests/browser/reader.spec.ts:788:1 › subscription and category ordering persists, including moving between groups (3.6s)
  ✓  17 [desktop] › tests/browser/reader.spec.ts:903:1 › diagnostic scoring recommends a verified replacement for an unavailable feed (2.5s)
  ✓  18 [desktop] › tests/browser/reader.spec.ts:953:1 › the feed-title diagnostic verifies a replacement and supports pausing without losing articles (4.7s)
  ✓  19 [mobile] › tests/browser/ai.spec.ts:34:1 › AI results persist, cached views avoid requests, and extraction invalidates old results (4.5s)
  ✓  20 [mobile] › tests/browser/ai.spec.ts:118:1 › AI failure stays visible, retries succeed, and pending requests belong to their article (2.4s)
  ✓  21 [mobile] › tests/browser/ai.spec.ts:193:1 › settings use accessible vertical navigation and AI configuration is required outside demo mode (3.9s)
  ✓  22 [mobile] › tests/browser/diagnostics.spec.ts:4:1 › metadata-only RSS cannot score highly and legacy reports request a body recheck (3.0s)
  ✓  23 [mobile] › tests/browser/reader.spec.ts:12:1 › list header shows scoped totals, unread filters and subscription settings (2.7s)
  ✓  24 [mobile] › tests/browser/reader.spec.ts:65:1 › sidebar menu edits grouped and ungrouped feeds and confirms deletion (6.7s)
  ✓  25 [mobile] › tests/browser/reader.spec.ts:153:1 › reading, persistent states, AI summary, translation and original article (3.2s)
  ✓  26 [mobile] › tests/browser/reader.spec.ts:197:1 › search, navigation and feed/category CRUD (6.4s)
  ✓  27 [mobile] › tests/browser/reader.spec.ts:268:1 › reading preferences, public next-ai settings and logs (2.4s)
  ✓  28 [mobile] › tests/browser/reader.spec.ts:308:1 › accessible reader, responsive layout and discovery (2.3s)
  ✓  29 [mobile] › tests/browser/reader.spec.ts:344:1 › feed/category paths, browser history, search and article positions survive reloads (5.8s)
  ✓  30 [mobile] › tests/browser/reader.spec.ts:411:1 › reload and history restore a later article page and both scroll containers (2.8s)
  ✓  31 [mobile] › tests/browser/reader.spec.ts:465:1 › Markdown reading keeps images, typography and responsive reading space (1.8s)
  ✓  32 [mobile] › tests/browser/reader.spec.ts:542:1 › keyboard navigation, reading actions and editable/modal guards (2.9s)
  ✓  33 [mobile] › tests/browser/reader.spec.ts:636:1 › background updates preserve unread rows, scroll and prose until accepted (2.9s)
  ✓  34 [mobile] › tests/browser/reader.spec.ts:788:1 › subscription and category ordering persists, including moving between groups (3.6s)
  ✓  35 [mobile] › tests/browser/reader.spec.ts:903:1 › diagnostic scoring recommends a verified replacement for an unavailable feed (2.9s)
  ✓  36 [mobile] › tests/browser/reader.spec.ts:953:1 › the feed-title diagnostic verifies a replacement and supports pausing without losing articles (5.2s)

  36 passed (2.1m)
$ bun scripts/security.ts
Starting filesystem walk for root: /
Scanned /Users/nocoo/workspace/personal/geekhub/bun.lock file and found 542 packages
End status: 0 dirs visited, 1 inodes visited, 1 Extract calls, 13.126041ms elapsed, 13.126ms wall time
5:16PM INF scanned ~1157708 bytes (1.16 MB) in 157ms
5:16PM INF no leaks found
G2 passed: gitleaks working-tree scan and OSV lockfile scan.
