$ wrangler d1 migrations apply geekhub-local --config wrangler.jsonc --local --env local --persist-to .wrangler/state

 ⛅️ wrangler 4.131.1 (update available 4.135.0)
───────────────────────────────────────────────
Resource location: local 

Use --remote if you want to access the remote instance.

Migrations to be applied:
┌──────────────────────────────────┐
│ name                             │
├──────────────────────────────────┤
│ 0006_feed_auto_fetch_content.sql │
└──────────────────────────────────┘
? About to apply 1 migration(s)
Your database may not be available to serve requests during the migration, continue?
🤖 Using fallback value in non-interactive context: yes
🌀 Executing on local database geekhub-local (local-geekhub) from .wrangler/state/v3/d1:
🌀 To execute on your remote database, add a --remote flag to your wrangler command.
🚣 2 commands executed successfully.
┌──────────────────────────────────┬────────┐
│ name                             │ status │
├──────────────────────────────────┼────────┤
│ 0006_feed_auto_fetch_content.sql │ ✅     │
└──────────────────────────────────┴────────┘
