$ bun run typecheck && bun run lint && bun run test:coverage && bun run build && bun run test:l2 && bun run test:l3 && bun run gate:security
$ bun run cf-typegen && tsc --noEmit -p tsconfig.web.json && tsc --noEmit -p tsconfig.worker.json && tsc --noEmit -p tsconfig.tools.json && tsc --noEmit -p tsconfig.test.json
$ wrangler types --env local --include-runtime=false --strict-vars=false

 ⛅️ wrangler 4.131.1 (update available 4.135.0)
───────────────────────────────────────────────
Generating project types...

interface __BaseEnv_Env {
	DB: D1Database;
	FEED_QUEUE: Queue;
	ENVIRONMENT: string;
	RESOURCE_ENV: string;
	LOCAL_USER_EMAIL: string;
	CF_ACCESS_TEAM_DOMAIN: string;
	CF_ACCESS_AUD: string;
	AI_ENCRYPTION_KEY: string;
	FEED_LOGS: DurableObjectNamespace<import("./src/worker/index").FeedLogCache>;
}
declare namespace Cloudflare {
	interface GlobalProps {
		mainModule: typeof import("./src/worker/index");
		durableNamespaces: "FeedLogCache";
	}
	interface Env extends __BaseEnv_Env {}
}
interface Env extends __BaseEnv_Env {}
type StringifyValues<EnvType extends Record<string, unknown>> = {
	[Binding in keyof EnvType]: EnvType[Binding] extends string ? EnvType[Binding] : string;
};
declare namespace NodeJS {
	interface ProcessEnv extends StringifyValues<Pick<Cloudflare.Env, "ENVIRONMENT" | "RESOURCE_ENV" | "LOCAL_USER_EMAIL" | "CF_ACCESS_TEAM_DOMAIN" | "CF_ACCESS_AUD" | "AI_ENCRYPTION_KEY">> {}
}


✨ Types written to worker-configuration.d.ts

📣 Remember to rerun 'wrangler types' after you change your wrangler.jsonc file.

$ biome check --error-on-warnings .
Checked 126 files in 38ms. No fixes applied.
$ vitest run --coverage

 RUN  v5.0.1 /Users/nocoo/workspace/personal/geekhub
      Coverage enabled with v8


 Test Files  17 passed (17)
      Tests  191 passed (191)
   Start at  07:12:23
   Duration  3.96s (tests 56%, import 19%, environment 14%, transform 9%, worker 2%)

 % Coverage report from v8
-------------------|---------|----------|---------|---------|-------------------
File               | % Stmts | % Branch | % Funcs | % Lines | Uncovered Line #s 
-------------------|---------|----------|---------|---------|-------------------
All files          |   99.72 |    97.97 |     100 |   99.92 |                   
 shared            |     100 |    96.22 |     100 |     100 |                   
  import.ts        |     100 |    94.11 |     100 |     100 | 64,89             
 web/lib           |   99.82 |    98.33 |     100 |     100 |                   
  ...stic-score.ts |     100 |    98.01 |     100 |     100 | 72,110,159        
  ...view-model.ts |     100 |    96.87 |     100 |     100 | 86                
  ...r-position.ts |     100 |       95 |     100 |     100 | 32                
  ...view-model.ts |   99.62 |    97.46 |     100 |     100 | ...85,402,422,475 
 worker            |   99.52 |    97.09 |     100 |   99.82 |                   
  ai.ts            |     100 |       99 |     100 |     100 | 25                
  auth.ts          |     100 |    95.74 |     100 |     100 | 52,80             
  data.ts          |   96.29 |    95.45 |     100 |     100 | 85                
  diagnostics.ts   |     100 |    97.46 |     100 |     100 | 187,244           
  feeds.ts         |     100 |    86.66 |     100 |     100 | 92,136            
  index.ts         |   99.62 |    99.35 |     100 |     100 | 281               
  local.ts         |      95 |    83.33 |     100 |   93.75 | 103               
-------------------|---------|----------|---------|---------|-------------------

=============================== Coverage summary ===============================
Statements   : 99.72% ( 1444/1448 )
Branches     : 97.97% ( 1207/1232 )
Functions    : 100% ( 318/318 )
Lines        : 99.92% ( 1284/1285 )
================================================================================
$ vite build
vite v8.2.2 building worker environment for production...
transforming...
✓ 391 modules transformed.
rendering chunks...
computing gzip size...
dist/worker/.vite/manifest.json      0.15 kB │ gzip:   0.11 kB
dist/worker/wrangler.json            2.12 kB │ gzip:   1.09 kB
dist/worker/index.js             2,305.31 kB │ gzip: 535.86 kB │ map: 5,266.05 kB

✓ built in 136ms
vite v8.2.2 building client environment for production...
transforming...
✓ 2402 modules transformed.
rendering chunks...
computing gzip size...
dist/client/.assetsignore                       0.02 kB
dist/client/index.html                          0.77 kB │ gzip:   0.47 kB
dist/client/assets/index-DbU6sxlY.css         121.01 kB │ gzip:  21.62 kB
dist/client/assets/ReaderContent-Wtpg-IxA.js  256.51 kB │ gzip:  76.27 kB │ map: 1,471.69 kB
dist/client/assets/index-CSIuf3bd.js          571.05 kB │ gzip: 177.05 kB │ map: 2,232.62 kB

✓ built in 292ms
[plugin builtin:vite-reporter] 
(!) Some chunks are larger than 500 kB after minification. Consider:
- Using dynamic import() to code-split the application
- Use build.rolldownOptions.output.codeSplitting to improve chunking: https://rolldown.rs/reference/OutputOptions.codeSplitting
- Adjust chunk size limit for this warning via build.chunkSizeWarningLimit.
$ bun scripts/run-tests.ts l2
L2: local Worker at http://127.0.0.1:17005, isolated SQLite at /Users/nocoo/workspace/personal/geekhub/.wrangler/tests/l2-mvqNr4
L2 passed: 109 real HTTP checks, 33/33 API endpoints, queue, pagination, missing records, AI and cleanup.
$ bun scripts/run-tests.ts l3
L3: local Worker at http://127.0.0.1:27005, isolated SQLite at /Users/nocoo/workspace/personal/geekhub/.wrangler/tests/l3-EUOuNy

Running 52 tests using 1 worker

  ✓   1 [desktop] › tests/browser/activity.spec.ts:5:1 › empty lists are centered and offer actions for the actual feed state (1.9s)
  ✓   2 [desktop] › tests/browser/activity.spec.ts:53:1 › category controls keep full colors and single-line actions on a narrow settings panel (967ms)
  ✓   3 [desktop] › tests/browser/activity.spec.ts:85:1 › automatic full translation appears in the activity center without a toast (2.1s)
  ✓   4 [desktop] › tests/browser/activity.spec.ts:141:1 › activity categories, errors and search keep separate task details (964ms)
  ✓   5 [desktop] › tests/browser/activity.spec.ts:178:1 › notices use a Lucide icon at the bottom right without obstructing reading (1.2s)
  ✓   6 [desktop] › tests/browser/ai.spec.ts:34:1 › AI results persist, cached views avoid requests, and extraction invalidates old results (5.1s)
  ✓   7 [desktop] › tests/browser/ai.spec.ts:118:1 › AI failure stays visible, retries succeed, and pending requests belong to their article (3.5s)
  ✓   8 [desktop] › tests/browser/ai.spec.ts:193:1 › settings use accessible vertical navigation and AI configuration is required outside demo mode (3.6s)
  ✓   9 [desktop] › tests/browser/ai.spec.ts:246:1 › per-feed full translation persists, starts on opening and silently reuses cached text (4.7s)
  ✓  10 [desktop] › tests/browser/ai.spec.ts:293:1 › feed switches align descriptions and automatically fetch before translating with cached reuse (5.1s)
  ✓  11 [desktop] › tests/browser/diagnostics.spec.ts:4:1 › metadata-only RSS cannot score highly and legacy reports request a body recheck (3.0s)
  ✓  12 [desktop] › tests/browser/reader.spec.ts:12:1 › list header shows scoped totals, unread filters and subscription settings (2.1s)
  ✓  13 [desktop] › tests/browser/reader.spec.ts:65:1 › sidebar menu edits grouped and ungrouped feeds and confirms deletion (3.6s)
  ✓  14 [desktop] › tests/browser/reader.spec.ts:153:1 › reading, persistent states, AI summary, translation and original article (3.8s)
  ✓  15 [desktop] › tests/browser/reader.spec.ts:197:1 › search, navigation and feed/category CRUD (6.4s)
  ✓  16 [desktop] › tests/browser/reader.spec.ts:268:1 › reading preferences, public next-ai settings and logs (2.2s)
  ✓  17 [desktop] › tests/browser/reader.spec.ts:308:1 › accessible reader, responsive layout and discovery (2.0s)
  ✓  18 [desktop] › tests/browser/reader.spec.ts:344:1 › feed/category paths, browser history, search and article positions survive reloads (5.1s)
  ✓  19 [desktop] › tests/browser/reader.spec.ts:411:1 › reload and history restore a later article page and both scroll containers (2.8s)
  ✓  20 [desktop] › tests/browser/reader.spec.ts:465:1 › Markdown reading keeps images, typography and responsive reading space (1.8s)
  ✓  21 [desktop] › tests/browser/reader.spec.ts:542:1 › keyboard navigation, reading actions and editable/modal guards (2.9s)
  ✓  22 [desktop] › tests/browser/reader.spec.ts:636:1 › J/K smoothly positions selection at the golden ratio and respects motion preferences (3.1s)
  ✓  23 [desktop] › tests/browser/reader.spec.ts:737:1 › background updates load automatically while preserving list anchors, prose and selection (2.4s)
  ✓  24 [desktop] › tests/browser/reader.spec.ts:850:1 › subscription and category ordering persists, including moving between groups (3.4s)
  ✓  25 [desktop] › tests/browser/reader.spec.ts:965:1 › diagnostic scoring recommends a verified replacement for an unavailable feed (2.8s)
  ✓  26 [desktop] › tests/browser/reader.spec.ts:1015:1 › the feed-title diagnostic verifies a replacement and supports pausing without losing articles (7.5s)
  ✓  27 [mobile] › tests/browser/activity.spec.ts:5:1 › empty lists are centered and offer actions for the actual feed state (6.6s)
  ✓  28 [mobile] › tests/browser/activity.spec.ts:53:1 › category controls keep full colors and single-line actions on a narrow settings panel (3.4s)
  ✓  29 [mobile] › tests/browser/activity.spec.ts:85:1 › automatic full translation appears in the activity center without a toast (3.2s)
  ✓  30 [mobile] › tests/browser/activity.spec.ts:141:1 › activity categories, errors and search keep separate task details (953ms)
  ✓  31 [mobile] › tests/browser/activity.spec.ts:178:1 › notices use a Lucide icon at the bottom right without obstructing reading (1.8s)
  ✓  32 [mobile] › tests/browser/ai.spec.ts:34:1 › AI results persist, cached views avoid requests, and extraction invalidates old results (7.0s)
  ✓  33 [mobile] › tests/browser/ai.spec.ts:118:1 › AI failure stays visible, retries succeed, and pending requests belong to their article (4.5s)
  ✓  34 [mobile] › tests/browser/ai.spec.ts:193:1 › settings use accessible vertical navigation and AI configuration is required outside demo mode (5.1s)
  ✓  35 [mobile] › tests/browser/ai.spec.ts:246:1 › per-feed full translation persists, starts on opening and silently reuses cached text (5.5s)
  ✓  36 [mobile] › tests/browser/ai.spec.ts:293:1 › feed switches align descriptions and automatically fetch before translating with cached reuse (6.5s)
  ✓  37 [mobile] › tests/browser/diagnostics.spec.ts:4:1 › metadata-only RSS cannot score highly and legacy reports request a body recheck (3.6s)
  ✓  38 [mobile] › tests/browser/reader.spec.ts:12:1 › list header shows scoped totals, unread filters and subscription settings (2.4s)
  ✓  39 [mobile] › tests/browser/reader.spec.ts:65:1 › sidebar menu edits grouped and ungrouped feeds and confirms deletion (10.3s)
  ✓  40 [mobile] › tests/browser/reader.spec.ts:153:1 › reading, persistent states, AI summary, translation and original article (3.7s)
  ✓  41 [mobile] › tests/browser/reader.spec.ts:197:1 › search, navigation and feed/category CRUD (7.7s)
  ✓  42 [mobile] › tests/browser/reader.spec.ts:268:1 › reading preferences, public next-ai settings and logs (3.4s)
  ✓  43 [mobile] › tests/browser/reader.spec.ts:308:1 › accessible reader, responsive layout and discovery (2.4s)
  ✓  44 [mobile] › tests/browser/reader.spec.ts:344:1 › feed/category paths, browser history, search and article positions survive reloads (6.8s)
  ✓  45 [mobile] › tests/browser/reader.spec.ts:411:1 › reload and history restore a later article page and both scroll containers (3.2s)
  ✓  46 [mobile] › tests/browser/reader.spec.ts:465:1 › Markdown reading keeps images, typography and responsive reading space (1.7s)
  ✓  47 [mobile] › tests/browser/reader.spec.ts:542:1 › keyboard navigation, reading actions and editable/modal guards (3.2s)
  ✓  48 [mobile] › tests/browser/reader.spec.ts:636:1 › J/K smoothly positions selection at the golden ratio and respects motion preferences (1.4s)
  ✓  49 [mobile] › tests/browser/reader.spec.ts:737:1 › background updates load automatically while preserving list anchors, prose and selection (3.2s)
  ✓  50 [mobile] › tests/browser/reader.spec.ts:850:1 › subscription and category ordering persists, including moving between groups (5.0s)
  ✓  51 [mobile] › tests/browser/reader.spec.ts:965:1 › diagnostic scoring recommends a verified replacement for an unavailable feed (2.9s)
  ✓  52 [mobile] › tests/browser/reader.spec.ts:1015:1 › the feed-title diagnostic verifies a replacement and supports pausing without losing articles (5.5s)

  52 passed (3.3m)
$ bun scripts/security.ts
Starting filesystem walk for root: /
Scanned /Users/nocoo/workspace/personal/geekhub/bun.lock file and found 542 packages
End status: 0 dirs visited, 1 inodes visited, 1 Extract calls, 108.895ms elapsed, 108.895ms wall time
7:16AM INF scanned ~1361509 bytes (1.36 MB) in 772ms
7:16AM INF no leaks found
G2 passed: gitleaks working-tree scan and OSV lockfile scan.
